SPDXVersion: SPDX-2.2
DataLicense: CC0-1.0
SPDXID: SPDXRef-DOCUMENT
DocumentName: Acme Application-9.1.1
DocumentNamespace: http://spdx.org/spdxdocs/Acme Application-9.1.1-3e671687-395b-41f5-a30f-a58921a69b79
LicenseListVersion: 3.14
Creator: Person: Samantha Wright (samantha.wright@example.com)
Creator: Tool: Awesome Tool-9.1.2
Creator: Tool: CycloneDX-CLI
CreatorComment: <text>This SPDX document was created by conversion from a CycloneDX BOM.</text>
DocumentComment: <text>SPDX does not support all features of CycloneDX. Some information is missing from the original CycloneDX BOM.</text>

PackageName: com.acme tomcat-catalina
SPDXID: SPDXRef-pkg-npm-acme-component-1.0.0
PackageVersion: 9.0.14
PackageOriginator: Person: Acme Inc ()
PackageDownloadLocation: NOASSERTION
FilesAnalyzed: false
PackageChecksum: MD5: 3942447fac867ae5cdb3229b658f4d48
PackageChecksum: SHA1: e6b1000b94e835ffd37f4c6dcbdad43f4b48a02a
PackageChecksum: SHA256: f498a8ff2dd007e29c2074f5e4b01a9a01775c3ff3aeaf6906ea503bc5791b7b
PackageChecksum: SHA512: e8f33e424f3f4ed6db76a482fde1a5298970e442c531729119e37991884bdffab4f9426b7ee11fccd074eeda0634d71697d6f88a460dce0ac8d627a29f7d1282
PackageLicenseConcluded: NOASSERTION
PackageLicenseDeclared: Apache-2.0
PackageCopyrightText: NOASSERTION
ExternalRef: PACKAGE-MANAGER purl pkg:npm/acme/component@1.0.0

FileName: somefile.dll
SPDXID: SPDXRef-2
FileLicenseConcluded: NOASSERTION
LicenseInfoInFile: NOASSERTION
FileContributor: Example Super Heros
