<?xml version="1.0" encoding="utf-8"?>
<bom xmlns:xsi="http://www.w3.org/2001/XMLSchema-instance" xmlns:xsd="http://www.w3.org/2001/XMLSchema" serialNumber="urn:uuid:f9bcf38b-e331-48b3-a541-28f5352a4509" version="1" xmlns="http://cyclonedx.org/schema/bom/1.5">
  <metadata>
    <component type="application">
      <name>Test</name>
      <version>1</version>
    </component>
  </metadata>
  <components>
    <component type="library">
      <name>CycloneDX.Core</name>
      <version>1.0.0</version>
      <purl>pkg:nuget/CycloneDX.Core@1.0.0</purl>
    </component>
    <component type="library">
      <name>CycloneDX.Json</name>
      <version>1.0.0</version>
      <purl>pkg:nuget/CycloneDX.Json@1.0.0</purl>
    </component>
    <component type="library">
      <name>CycloneDX.Models</name>
      <version>1.0.0</version>
      <purl>pkg:nuget/CycloneDX.Models@1.0.0</purl>
    </component>
    <component type="library">
      <name>CycloneDX.Xml</name>
      <version>1.0.0</version>
      <purl>pkg:nuget/CycloneDX.Xml@1.0.0</purl>
    </component>
    <component type="library">
      <name>McMaster.Extensions.CommandLineUtils</name>
      <version>3.0.0</version>
      <description>Command-line parsing API and utilities for console applications.

Commonly used types:

McMaster.Extensions.CommandLineUtils.CommandLineApplication
McMaster.Extensions.CommandLineUtils.CommandOption
McMaster.Extensions.CommandLineUtils.IConsole
McMaster.Extensions.CommandLineUtils.Prompt
McMaster.Extensions.CommandLineUtils.ArgumentEscaper

 A community-maintained fork of Microsoft.Extensions.CommandLineUtils, plus many enhancements.</description>
      <licenses>
        <license>
          <id>Apache-2.0</id>
        </license>
      </licenses>
      <copyright>Copyright © Nate McMaster</copyright>
      <purl>pkg:nuget/McMaster.Extensions.CommandLineUtils@3.0.0</purl>
      <externalReferences>
        <reference type="website">
          <url>https://github.com/natemcmaster/CommandLineUtils</url>
        </reference>
      </externalReferences>
    </component>
    <component type="library">
      <name>Microsoft.Bcl.AsyncInterfaces</name>
      <version>1.1.0</version>
      <description>Provides the IAsyncEnumerable&lt;T&gt; and IAsyncDisposable interfaces and helper types for .NET Standard 2.0. This package is not required starting with .NET Standard 2.1 and .NET Core 3.0.

Commonly Used Types:
System.IAsyncDisposable
System.Collections.Generic.IAsyncEnumerable
System.Collections.Generic.IAsyncEnumerator
 
When using NuGet 3.x this package requires at least version 3.4.</description>
      <licenses>
        <license>
          <id>MIT</id>
        </license>
      </licenses>
      <copyright>© Microsoft Corporation. All rights reserved.</copyright>
      <purl>pkg:nuget/Microsoft.Bcl.AsyncInterfaces@1.1.0</purl>
      <externalReferences>
        <reference type="website">
          <url>https://github.com/dotnet/corefx</url>
        </reference>
      </externalReferences>
    </component>
    <component type="library">
      <name>Microsoft.CodeAnalysis.FxCopAnalyzers</name>
      <version>3.3.0</version>
      <description>Microsoft recommended code quality rules and .NET API usage rules, including the most important FxCop rules, implemented as analyzers using the .NET Compiler Platform (Roslyn). These analyzers check your code for security, performance, and design issues, among others. The documentation for FxCop analyzers can be found at https://docs.microsoft.com/visualstudio/code-quality/install-fxcop-analyzers</description>
      <licenses>
        <license>
          <id>Apache-2.0</id>
        </license>
      </licenses>
      <copyright>© Microsoft Corporation. All rights reserved.</copyright>
      <purl>pkg:nuget/Microsoft.CodeAnalysis.FxCopAnalyzers@3.3.0</purl>
      <externalReferences>
        <reference type="website">
          <url>https://github.com/dotnet/roslyn-analyzers</url>
        </reference>
      </externalReferences>
    </component>
    <component type="library">
      <name>Microsoft.CodeAnalysis.VersionCheckAnalyzer</name>
      <version>3.3.0</version>
      <description>Microsoft.CodeAnalysis Version Check Analyzer</description>
      <licenses>
        <license>
          <id>Apache-2.0</id>
        </license>
      </licenses>
      <copyright>© Microsoft Corporation. All rights reserved.</copyright>
      <purl>pkg:nuget/Microsoft.CodeAnalysis.VersionCheckAnalyzer@3.3.0</purl>
      <externalReferences>
        <reference type="website">
          <url>https://github.com/dotnet/roslyn-analyzers</url>
        </reference>
      </externalReferences>
    </component>
    <component type="library">
      <name>Microsoft.CodeQuality.Analyzers</name>
      <version>3.3.0</version>
      <description>Microsoft recommended code quality rules implemented as analyzers using the .NET Compiler Platform (Roslyn). This package is included as a part of Microsoft.CodeAnalysis.FxCopAnalyzers NuGet package and does not need to be installed separately.</description>
      <licenses>
        <license>
          <id>Apache-2.0</id>
        </license>
      </licenses>
      <copyright>© Microsoft Corporation. All rights reserved.</copyright>
      <purl>pkg:nuget/Microsoft.CodeQuality.Analyzers@3.3.0</purl>
      <externalReferences>
        <reference type="website">
          <url>https://github.com/dotnet/roslyn-analyzers</url>
        </reference>
      </externalReferences>
    </component>
    <component type="library">
      <name>Microsoft.CSharp</name>
      <version>4.0.1</version>
      <description>Provides support for compilation and code generation, including dynamic, using the C# language.

Commonly Used Types:
Microsoft.CSharp.RuntimeBinder.Binder
Microsoft.CSharp.RuntimeBinder.RuntimeBinderException
Microsoft.CSharp.RuntimeBinder.CSharpArgumentInfo
Microsoft.CSharp.RuntimeBinder.CSharpArgumentInfoFlags
Microsoft.CSharp.RuntimeBinder.CSharpBinderFlags
 
When using NuGet 3.x this package requires at least version 3.4.</description>
      <licenses>
        <license>
          <url>http://go.microsoft.com/fwlink/?LinkId=329770</url>
        </license>
      </licenses>
      <copyright>© Microsoft Corporation.  All rights reserved.</copyright>
      <purl>pkg:nuget/Microsoft.CSharp@4.0.1</purl>
      <externalReferences>
        <reference type="website">
          <url>https://dot.net/</url>
        </reference>
      </externalReferences>
    </component>
    <component type="library">
      <name>Microsoft.NetCore.Analyzers</name>
      <version>3.3.0</version>
      <description>Microsoft recommended .NetCore API usage rules implemented as analyzers using the .NET Compiler Platform (Roslyn). This package is included as a part of Microsoft.CodeAnalysis.FxCopAnalyzers NuGet package and does not need to be installed separately.</description>
      <licenses>
        <license>
          <id>Apache-2.0</id>
        </license>
      </licenses>
      <copyright>© Microsoft Corporation. All rights reserved.</copyright>
      <purl>pkg:nuget/Microsoft.NetCore.Analyzers@3.3.0</purl>
      <externalReferences>
        <reference type="website">
          <url>https://github.com/dotnet/roslyn-analyzers</url>
        </reference>
      </externalReferences>
    </component>
    <component type="library">
      <name>Microsoft.NETCore.App</name>
      <version>2.1.0</version>
      <description>A set of .NET API's that are included in the default .NET Core application model. 
caa7b7e2bad98e56a687fb5cbaf60825500800f7 
When using NuGet 3.x this package requires at least version 3.4.</description>
      <licenses>
        <license>
          <url>https://github.com/dotnet/core-setup/blob/master/LICENSE.TXT</url>
        </license>
      </licenses>
      <copyright>© Microsoft Corporation.  All rights reserved.</copyright>
      <purl>pkg:nuget/Microsoft.NETCore.App@2.1.0</purl>
      <externalReferences>
        <reference type="website">
          <url>https://dot.net/</url>
        </reference>
      </externalReferences>
    </component>
    <component type="library">
      <name>Microsoft.NETCore.DotNetAppHost</name>
      <version>2.1.0</version>
      <description>Provides the .NET Core app bootstrapper intended for use in the application directory 
caa7b7e2bad98e56a687fb5cbaf60825500800f7 
When using NuGet 3.x this package requires at least version 3.4.</description>
      <licenses>
        <license>
          <url>https://github.com/dotnet/core-setup/blob/master/LICENSE.TXT</url>
        </license>
      </licenses>
      <copyright>© Microsoft Corporation.  All rights reserved.</copyright>
      <purl>pkg:nuget/Microsoft.NETCore.DotNetAppHost@2.1.0</purl>
      <externalReferences>
        <reference type="website">
          <url>https://dot.net/</url>
        </reference>
      </externalReferences>
    </component>
    <component type="library">
      <name>Microsoft.NETCore.DotNetHostPolicy</name>
      <version>2.1.0</version>
      <description>Provides a CoreCLR hosting policy implementation -- configuration settings, assembly paths and assembly servicing 
caa7b7e2bad98e56a687fb5cbaf60825500800f7 
When using NuGet 3.x this package requires at least version 3.4.</description>
      <licenses>
        <license>
          <url>https://github.com/dotnet/core-setup/blob/master/LICENSE.TXT</url>
        </license>
      </licenses>
      <copyright>© Microsoft Corporation.  All rights reserved.</copyright>
      <purl>pkg:nuget/Microsoft.NETCore.DotNetHostPolicy@2.1.0</purl>
      <externalReferences>
        <reference type="website">
          <url>https://dot.net/</url>
        </reference>
      </externalReferences>
    </component>
    <component type="library">
      <name>Microsoft.NETCore.DotNetHostResolver</name>
      <version>2.1.0</version>
      <description>Provides an implementation of framework resolution strategy used by Microsoft.NETCore.DotNetHost 
caa7b7e2bad98e56a687fb5cbaf60825500800f7 
When using NuGet 3.x this package requires at least version 3.4.</description>
      <licenses>
        <license>
          <url>https://github.com/dotnet/core-setup/blob/master/LICENSE.TXT</url>
        </license>
      </licenses>
      <copyright>© Microsoft Corporation.  All rights reserved.</copyright>
      <purl>pkg:nuget/Microsoft.NETCore.DotNetHostResolver@2.1.0</purl>
      <externalReferences>
        <reference type="website">
          <url>https://dot.net/</url>
        </reference>
      </externalReferences>
    </component>
    <component type="library">
      <name>Microsoft.NETCore.Platforms</name>
      <version>3.1.0</version>
      <description>Provides runtime information required to resolve target framework, platform, and runtime specific implementations of .NETCore packages. 
When using NuGet 3.x this package requires at least version 3.4.</description>
      <licenses>
        <license>
          <id>MIT</id>
        </license>
      </licenses>
      <copyright>© Microsoft Corporation. All rights reserved.</copyright>
      <purl>pkg:nuget/Microsoft.NETCore.Platforms@3.1.0</purl>
      <externalReferences>
        <reference type="website">
          <url>https://github.com/dotnet/corefx</url>
        </reference>
      </externalReferences>
    </component>
    <component type="library">
      <name>Microsoft.NETCore.Targets</name>
      <version>1.1.0</version>
      <description>Provides supporting infrastructure for portable projects: support identifiers that define framework and runtime for support targets and packages that reference the minimum supported package versions when targeting these. 
When using NuGet 3.x this package requires at least version 3.4.</description>
      <licenses>
        <license>
          <url>http://go.microsoft.com/fwlink/?LinkId=329770</url>
        </license>
      </licenses>
      <copyright>© Microsoft Corporation.  All rights reserved.</copyright>
      <purl>pkg:nuget/Microsoft.NETCore.Targets@1.1.0</purl>
      <externalReferences>
        <reference type="website">
          <url>https://dot.net/</url>
        </reference>
      </externalReferences>
    </component>
    <component type="library">
      <name>Microsoft.NETCore.Targets</name>
      <version>2.1.0</version>
      <description>Provides supporting infrastructure for portable projects: support identifiers that define framework and runtime for support targets and packages that reference the minimum supported package versions when targeting these. 
30ab651fcb4354552bd4891619a0bdd81e0ebdbf 
When using NuGet 3.x this package requires at least version 3.4.</description>
      <licenses>
        <license>
          <url>https://github.com/dotnet/corefx/blob/master/LICENSE.TXT</url>
        </license>
      </licenses>
      <copyright>© Microsoft Corporation.  All rights reserved.</copyright>
      <purl>pkg:nuget/Microsoft.NETCore.Targets@2.1.0</purl>
      <externalReferences>
        <reference type="website">
          <url>https://dot.net/</url>
        </reference>
      </externalReferences>
    </component>
    <component type="library">
      <name>Microsoft.NetFramework.Analyzers</name>
      <version>3.3.0</version>
      <description>Microsoft recommended API usage rules for APIs specific to the full .NetFramework which are not present in .NetCore, implemented as analyzers using the .NET Compiler Platform (Roslyn). This package is included as a part of Microsoft.CodeAnalysis.FxCopAnalyzers NuGet package and does not need to be installed separately.</description>
      <licenses>
        <license>
          <id>Apache-2.0</id>
        </license>
      </licenses>
      <copyright>© Microsoft Corporation. All rights reserved.</copyright>
      <purl>pkg:nuget/Microsoft.NetFramework.Analyzers@3.3.0</purl>
      <externalReferences>
        <reference type="website">
          <url>https://github.com/dotnet/roslyn-analyzers</url>
        </reference>
      </externalReferences>
    </component>
    <component type="library">
      <name>Microsoft.Win32.Primitives</name>
      <version>4.3.0</version>
      <description>Provides common types for Win32-based libraries.

Commonly Used Types:
System.ComponentModel.Win32Exception
 
When using NuGet 3.x this package requires at least version 3.4.</description>
      <licenses>
        <license>
          <url>http://go.microsoft.com/fwlink/?LinkId=329770</url>
        </license>
      </licenses>
      <copyright>© Microsoft Corporation.  All rights reserved.</copyright>
      <purl>pkg:nuget/Microsoft.Win32.Primitives@4.3.0</purl>
      <externalReferences>
        <reference type="website">
          <url>https://dot.net/</url>
        </reference>
      </externalReferences>
    </component>
    <component type="library">
      <name>Microsoft.Win32.Registry</name>
      <version>4.3.0</version>
      <description>Provides support for accessing and modifying the Windows Registry.

Commonly Used Types:
Microsoft.Win32.RegistryKey
Microsoft.Win32.Registry
Microsoft.Win32.RegistryValueKind
Microsoft.Win32.RegistryHive
Microsoft.Win32.RegistryView
 
When using NuGet 3.x this package requires at least version 3.4.</description>
      <licenses>
        <license>
          <url>http://go.microsoft.com/fwlink/?LinkId=329770</url>
        </license>
      </licenses>
      <copyright>© Microsoft Corporation.  All rights reserved.</copyright>
      <purl>pkg:nuget/Microsoft.Win32.Registry@4.3.0</purl>
      <externalReferences>
        <reference type="website">
          <url>https://dot.net/</url>
        </reference>
      </externalReferences>
    </component>
    <component type="library">
      <name>NETStandard.Library</name>
      <version>2.0.3</version>
      <description>A set of standard .NET APIs that are prescribed to be used and supported together. 
18a36291e48808fa7ef2d00a764ceb1ec95645a5 
When using NuGet 3.x this package requires at least version 3.4.</description>
      <licenses>
        <license>
          <url>https://github.com/dotnet/standard/blob/master/LICENSE.TXT</url>
        </license>
      </licenses>
      <copyright>.NET Foundation and Contributors</copyright>
      <purl>pkg:nuget/NETStandard.Library@2.0.3</purl>
      <externalReferences>
        <reference type="website">
          <url>https://dot.net/</url>
        </reference>
      </externalReferences>
    </component>
    <component type="library">
      <name>Newtonsoft.Json</name>
      <version>9.0.1</version>
      <description>Json.NET is a popular high-performance JSON framework for .NET</description>
      <licenses>
        <license>
          <url>https://raw.github.com/JamesNK/Newtonsoft.Json/master/LICENSE.md</url>
        </license>
      </licenses>
      <purl>pkg:nuget/Newtonsoft.Json@9.0.1</purl>
      <externalReferences>
        <reference type="website">
          <url>http://www.newtonsoft.com/json</url>
        </reference>
      </externalReferences>
    </component>
    <component type="library">
      <name>NuGet.Common</name>
      <version>5.6.0</version>
      <description>Common utilities and interfaces for all NuGet libraries.</description>
      <licenses>
        <license>
          <id>Apache-2.0</id>
        </license>
      </licenses>
      <copyright>© Microsoft Corporation. All rights reserved.</copyright>
      <purl>pkg:nuget/NuGet.Common@5.6.0</purl>
      <externalReferences>
        <reference type="website">
          <url>https://aka.ms/nugetprj</url>
        </reference>
      </externalReferences>
    </component>
    <component type="library">
      <name>NuGet.Configuration</name>
      <version>5.6.0</version>
      <description>NuGet's configuration settings implementation.</description>
      <licenses>
        <license>
          <id>Apache-2.0</id>
        </license>
      </licenses>
      <copyright>© Microsoft Corporation. All rights reserved.</copyright>
      <purl>pkg:nuget/NuGet.Configuration@5.6.0</purl>
      <externalReferences>
        <reference type="website">
          <url>https://aka.ms/nugetprj</url>
        </reference>
      </externalReferences>
    </component>
    <component type="library">
      <name>NuGet.DependencyResolver.Core</name>
      <version>5.6.0</version>
      <description>NuGet's PackageReference dependency resolver implementation.</description>
      <licenses>
        <license>
          <id>Apache-2.0</id>
        </license>
      </licenses>
      <copyright>© Microsoft Corporation. All rights reserved.</copyright>
      <purl>pkg:nuget/NuGet.DependencyResolver.Core@5.6.0</purl>
      <externalReferences>
        <reference type="website">
          <url>https://aka.ms/nugetprj</url>
        </reference>
      </externalReferences>
    </component>
    <component type="library">
      <name>NuGet.Frameworks</name>
      <version>5.6.0</version>
      <description>NuGet's understanding of target frameworks.</description>
      <licenses>
        <license>
          <id>Apache-2.0</id>
        </license>
      </licenses>
      <copyright>© Microsoft Corporation. All rights reserved.</copyright>
      <purl>pkg:nuget/NuGet.Frameworks@5.6.0</purl>
      <externalReferences>
        <reference type="website">
          <url>https://aka.ms/nugetprj</url>
        </reference>
      </externalReferences>
    </component>
    <component type="library">
      <name>NuGet.LibraryModel</name>
      <version>5.6.0</version>
      <description>NuGet's types and interfaces for understanding dependencies.</description>
      <licenses>
        <license>
          <id>Apache-2.0</id>
        </license>
      </licenses>
      <copyright>© Microsoft Corporation. All rights reserved.</copyright>
      <purl>pkg:nuget/NuGet.LibraryModel@5.6.0</purl>
      <externalReferences>
        <reference type="website">
          <url>https://aka.ms/nugetprj</url>
        </reference>
      </externalReferences>
    </component>
    <component type="library">
      <name>NuGet.Packaging</name>
      <version>5.6.0</version>
      <description>NuGet's understanding of packages. Reading nuspec, nupkgs and package signing.</description>
      <licenses>
        <license>
          <id>Apache-2.0</id>
        </license>
      </licenses>
      <copyright>© Microsoft Corporation. All rights reserved.</copyright>
      <purl>pkg:nuget/NuGet.Packaging@5.6.0</purl>
      <externalReferences>
        <reference type="website">
          <url>https://aka.ms/nugetprj</url>
        </reference>
      </externalReferences>
    </component>
    <component type="library">
      <name>NuGet.ProjectModel</name>
      <version>5.6.0</version>
      <description>NuGet's core types and interfaces for PackageReference-based restore, such as lock files, assets file and internal restore models.</description>
      <licenses>
        <license>
          <id>Apache-2.0</id>
        </license>
      </licenses>
      <copyright>© Microsoft Corporation. All rights reserved.</copyright>
      <purl>pkg:nuget/NuGet.ProjectModel@5.6.0</purl>
      <externalReferences>
        <reference type="website">
          <url>https://aka.ms/nugetprj</url>
        </reference>
      </externalReferences>
    </component>
    <component type="library">
      <name>NuGet.Protocol</name>
      <version>5.6.0</version>
      <description>NuGet's implementation for interacting with feeds. Contains functionality for all feed types.</description>
      <licenses>
        <license>
          <id>Apache-2.0</id>
        </license>
      </licenses>
      <copyright>© Microsoft Corporation. All rights reserved.</copyright>
      <purl>pkg:nuget/NuGet.Protocol@5.6.0</purl>
      <externalReferences>
        <reference type="website">
          <url>https://aka.ms/nugetprj</url>
        </reference>
      </externalReferences>
    </component>
    <component type="library">
      <name>NuGet.Versioning</name>
      <version>5.6.0</version>
      <description>NuGet's implementation of Semantic Versioning.</description>
      <licenses>
        <license>
          <id>Apache-2.0</id>
        </license>
      </licenses>
      <copyright>© Microsoft Corporation. All rights reserved.</copyright>
      <purl>pkg:nuget/NuGet.Versioning@5.6.0</purl>
      <externalReferences>
        <reference type="website">
          <url>https://aka.ms/nugetprj</url>
        </reference>
      </externalReferences>
    </component>
    <component type="library">
      <name>runtime.native.System</name>
      <version>4.3.0</version>
      <description>Internal implementation package not meant for direct consumption.  Please do not reference directly. 
When using NuGet 3.x this package requires at least version 3.4.</description>
      <licenses>
        <license>
          <url>http://go.microsoft.com/fwlink/?LinkId=329770</url>
        </license>
      </licenses>
      <copyright>© Microsoft Corporation.  All rights reserved.</copyright>
      <purl>pkg:nuget/runtime.native.System@4.3.0</purl>
      <externalReferences>
        <reference type="website">
          <url>https://dot.net/</url>
        </reference>
      </externalReferences>
    </component>
    <component type="library">
      <name>System.Collections</name>
      <version>4.3.0</version>
      <description>Provides classes that define generic collections, which allow developers to create strongly typed collections that provide better type safety and performance than non-generic strongly typed collections.

Commonly Used Types:
System.Collections.Generic.List&lt;T&gt;
System.Collections.Generic.Dictionary&lt;TKey, TValue&gt;
System.Collections.Generic.Queue&lt;T&gt;
System.Collections.Generic.Stack&lt;T&gt;
System.Collections.Generic.HashSet&lt;T&gt;
System.Collections.Generic.LinkedList&lt;T&gt;
System.Collections.Generic.EqualityComparer&lt;T&gt;
System.Collections.Generic.Comparer&lt;T&gt;
System.Collections.Generic.SortedDictionary&lt;TKey, TValue&gt;
 
When using NuGet 3.x this package requires at least version 3.4.</description>
      <licenses>
        <license>
          <url>http://go.microsoft.com/fwlink/?LinkId=329770</url>
        </license>
      </licenses>
      <copyright>© Microsoft Corporation.  All rights reserved.</copyright>
      <purl>pkg:nuget/System.Collections@4.3.0</purl>
      <externalReferences>
        <reference type="website">
          <url>https://dot.net/</url>
        </reference>
      </externalReferences>
    </component>
    <component type="library">
      <name>System.ComponentModel.Annotations</name>
      <version>4.7.0</version>
      <description>Provides attributes that are used to define metadata for objects used as data sources.

Commonly Used Types:
System.ComponentModel.DataAnnotations.ValidationResult
System.ComponentModel.DataAnnotations.IValidatableObject
System.ComponentModel.DataAnnotations.ValidationAttribute
System.ComponentModel.DataAnnotations.RequiredAttribute
System.ComponentModel.DataAnnotations.StringLengthAttribute
System.ComponentModel.DataAnnotations.DisplayAttribute
System.ComponentModel.DataAnnotations.RegularExpressionAttribute
System.ComponentModel.DataAnnotations.DataTypeAttribute
System.ComponentModel.DataAnnotations.RangeAttribute
System.ComponentModel.DataAnnotations.KeyAttribute
 
When using NuGet 3.x this package requires at least version 3.4.</description>
      <licenses>
        <license>
          <id>MIT</id>
        </license>
      </licenses>
      <copyright>© Microsoft Corporation. All rights reserved.</copyright>
      <purl>pkg:nuget/System.ComponentModel.Annotations@4.7.0</purl>
      <externalReferences>
        <reference type="website">
          <url>https://github.com/dotnet/corefx</url>
        </reference>
      </externalReferences>
    </component>
    <component type="library">
      <name>System.Diagnostics.Debug</name>
      <version>4.3.0</version>
      <description>Provides classes and attributes that allows basic interaction with a debugger.

Commonly Used Types:
System.Diagnostics.Debug
System.Diagnostics.DebuggerStepThroughAttribute
System.Diagnostics.Debugger
System.Diagnostics.DebuggerDisplayAttribute
System.Diagnostics.DebuggerBrowsableAttribute
System.Diagnostics.DebuggerBrowsableState
System.Diagnostics.DebuggerHiddenAttribute
System.Diagnostics.DebuggerNonUserCodeAttribute
System.Diagnostics.DebuggerTypeProxyAttribute
 
When using NuGet 3.x this package requires at least version 3.4.</description>
      <licenses>
        <license>
          <url>http://go.microsoft.com/fwlink/?LinkId=329770</url>
        </license>
      </licenses>
      <copyright>© Microsoft Corporation.  All rights reserved.</copyright>
      <purl>pkg:nuget/System.Diagnostics.Debug@4.3.0</purl>
      <externalReferences>
        <reference type="website">
          <url>https://dot.net/</url>
        </reference>
      </externalReferences>
    </component>
    <component type="library">
      <name>System.Diagnostics.Process</name>
      <version>4.3.0</version>
      <description>Provides the System.Diagnostics.Process class, which allows interaction with local and remote processes.

Commonly Used Types:
System.Diagnostics.Process
System.Diagnostics.ProcessModule
System.Diagnostics.ProcessStartInfo
System.Diagnostics.ProcessThread
 
When using NuGet 3.x this package requires at least version 3.4.</description>
      <licenses>
        <license>
          <url>http://go.microsoft.com/fwlink/?LinkId=329770</url>
        </license>
      </licenses>
      <copyright>© Microsoft Corporation.  All rights reserved.</copyright>
      <purl>pkg:nuget/System.Diagnostics.Process@4.3.0</purl>
      <externalReferences>
        <reference type="website">
          <url>https://dot.net/</url>
        </reference>
      </externalReferences>
    </component>
    <component type="library">
      <name>System.Diagnostics.Tools</name>
      <version>4.0.1</version>
      <description>Provides attributes, such as GeneratedCodeAttribute and SuppresMessageAttribute, that are emitted or consumed by analysis tools.

Commonly Used Types:
System.CodeDom.Compiler.GeneratedCodeAttribute
System.Diagnostics.CodeAnalysis.SuppressMessageAttribute
 
When using NuGet 3.x this package requires at least version 3.4.</description>
      <licenses>
        <license>
          <url>http://go.microsoft.com/fwlink/?LinkId=329770</url>
        </license>
      </licenses>
      <copyright>© Microsoft Corporation.  All rights reserved.</copyright>
      <purl>pkg:nuget/System.Diagnostics.Tools@4.0.1</purl>
      <externalReferences>
        <reference type="website">
          <url>https://dot.net/</url>
        </reference>
      </externalReferences>
    </component>
    <component type="library">
      <name>System.Dynamic.Runtime</name>
      <version>4.3.0</version>
      <description>Provides classes and interfaces that support the Dynamic Language Runtime (DLR).

Commonly Used Types:
System.Runtime.CompilerServices.CallSite
System.Runtime.CompilerServices.CallSite&lt;T&gt;
System.Dynamic.IDynamicMetaObjectProvider
System.Dynamic.DynamicMetaObject
System.Dynamic.SetMemberBinder
System.Dynamic.GetMemberBinder
System.Dynamic.ExpandoObject
System.Dynamic.DynamicObject
System.Runtime.CompilerServices.CallSiteBinder
System.Runtime.CompilerServices.ConditionalWeakTable&lt;TKey, TValue&gt;
 
When using NuGet 3.x this package requires at least version 3.4.</description>
      <licenses>
        <license>
          <url>http://go.microsoft.com/fwlink/?LinkId=329770</url>
        </license>
      </licenses>
      <copyright>© Microsoft Corporation.  All rights reserved.</copyright>
      <purl>pkg:nuget/System.Dynamic.Runtime@4.3.0</purl>
      <externalReferences>
        <reference type="website">
          <url>https://dot.net/</url>
        </reference>
      </externalReferences>
    </component>
    <component type="library">
      <name>System.Globalization</name>
      <version>4.3.0</version>
      <description>Provides classes that define culture-related information, including language, country/region, calendars in use, format patterns for dates, currency, and numbers, and sort order for strings.

Commonly Used Types:
System.Globalization.DateTimeFormatInfo
System.Globalization.CultureInfo
System.Globalization.NumberFormatInfo
System.Globalization.CalendarWeekRule
System.Globalization.TextInfo
System.Globalization.Calendar
System.Globalization.CompareInfo
System.Globalization.CompareOptions
System.Globalization.UnicodeCategory
 
When using NuGet 3.x this package requires at least version 3.4.</description>
      <licenses>
        <license>
          <url>http://go.microsoft.com/fwlink/?LinkId=329770</url>
        </license>
      </licenses>
      <copyright>© Microsoft Corporation.  All rights reserved.</copyright>
      <purl>pkg:nuget/System.Globalization@4.3.0</purl>
      <externalReferences>
        <reference type="website">
          <url>https://dot.net/</url>
        </reference>
      </externalReferences>
    </component>
    <component type="library">
      <name>System.IO</name>
      <version>4.3.0</version>
      <description>Provides base input and output (I/O) types, including System.IO.Stream, System.IO.StreamReader and System.IO.StreamWriter, that allow reading and writing to data streams

Commonly Used Types:
System.IO.Stream
System.IO.EndOfStreamException
System.IO.MemoryStream
System.IO.StreamReader
System.IO.StreamWriter
System.IO.StringWriter
System.IO.TextWriter
System.IO.TextReader
 
When using NuGet 3.x this package requires at least version 3.4.</description>
      <licenses>
        <license>
          <url>http://go.microsoft.com/fwlink/?LinkId=329770</url>
        </license>
      </licenses>
      <copyright>© Microsoft Corporation.  All rights reserved.</copyright>
      <purl>pkg:nuget/System.IO@4.3.0</purl>
      <externalReferences>
        <reference type="website">
          <url>https://dot.net/</url>
        </reference>
      </externalReferences>
    </component>
    <component type="library">
      <name>System.IO.Abstractions</name>
      <version>12.1.9</version>
      <description>A set of abstractions to help make file system interactions testable.</description>
      <licenses>
        <license>
          <id>MIT</id>
        </license>
      </licenses>
      <copyright>Copyright © Tatham Oddie 2010</copyright>
      <purl>pkg:nuget/System.IO.Abstractions@12.1.9</purl>
      <externalReferences>
        <reference type="website">
          <url>https://github.com/System-IO-Abstractions/System.IO.Abstractions</url>
        </reference>
      </externalReferences>
    </component>
    <component type="library">
      <name>System.IO.FileSystem</name>
      <version>4.3.0</version>
      <description>Provides types that allow reading and writing to files and types that provide basic file and directory support.

Commonly Used Types:
System.IO.FileStream
System.IO.FileInfo
System.IO.DirectoryInfo
System.IO.FileSystemInfo
System.IO.File
System.IO.Directory
System.IO.SearchOption
System.IO.FileOptions
 
When using NuGet 3.x this package requires at least version 3.4.</description>
      <licenses>
        <license>
          <url>http://go.microsoft.com/fwlink/?LinkId=329770</url>
        </license>
      </licenses>
      <copyright>© Microsoft Corporation.  All rights reserved.</copyright>
      <purl>pkg:nuget/System.IO.FileSystem@4.3.0</purl>
      <externalReferences>
        <reference type="website">
          <url>https://dot.net/</url>
        </reference>
      </externalReferences>
    </component>
    <component type="library">
      <name>System.IO.FileSystem.AccessControl</name>
      <version>4.7.0</version>
      <description>Provides types for managing access and audit control lists for files and directories.

Commonly Used Types:
System.Security.AccessControl.DirectoryObjectSecurity
System.Security.AccessControl.DirectorySecurity
System.Security.AccessControl.FileSecurity
System.Security.AccessControl.FileSystemAccessRule
System.Security.AccessControl.FileSystemAuditRule
System.Security.AccessControl.FileSystemRights
System.Security.AccessControl.FileSystemSecurity
 
When using NuGet 3.x this package requires at least version 3.4.</description>
      <licenses>
        <license>
          <id>MIT</id>
        </license>
      </licenses>
      <copyright>© Microsoft Corporation. All rights reserved.</copyright>
      <purl>pkg:nuget/System.IO.FileSystem.AccessControl@4.7.0</purl>
      <externalReferences>
        <reference type="website">
          <url>https://github.com/dotnet/corefx</url>
        </reference>
      </externalReferences>
    </component>
    <component type="library">
      <name>System.IO.FileSystem.Primitives</name>
      <version>4.3.0</version>
      <description>Provides common enumerations and exceptions for path-based I/O libraries.

Commonly Used Types:
System.IO.DirectoryNotFoundException
System.IO.FileAccess
System.IO.FileLoadException
System.IO.PathTooLongException
System.IO.FileMode
System.IO.FileShare
System.IO.FileAttributes
 
When using NuGet 3.x this package requires at least version 3.4.</description>
      <licenses>
        <license>
          <url>http://go.microsoft.com/fwlink/?LinkId=329770</url>
        </license>
      </licenses>
      <copyright>© Microsoft Corporation.  All rights reserved.</copyright>
      <purl>pkg:nuget/System.IO.FileSystem.Primitives@4.3.0</purl>
      <externalReferences>
        <reference type="website">
          <url>https://dot.net/</url>
        </reference>
      </externalReferences>
    </component>
    <component type="library">
      <name>System.Linq</name>
      <version>4.3.0</version>
      <description>Provides classes and interfaces that supports queries that use Language-Integrated Query (LINQ).

Commonly Used Types:
System.Linq.Enumerable
System.Linq.IGrouping&lt;TKey, TElement&gt;
System.Linq.IOrderedEnumerable&lt;TElement&gt;
System.Linq.ILookup&lt;TKey, TElement&gt;
System.Linq.Lookup&lt;TKey, TElement&gt;
 
When using NuGet 3.x this package requires at least version 3.4.</description>
      <licenses>
        <license>
          <url>http://go.microsoft.com/fwlink/?LinkId=329770</url>
        </license>
      </licenses>
      <copyright>© Microsoft Corporation.  All rights reserved.</copyright>
      <purl>pkg:nuget/System.Linq@4.3.0</purl>
      <externalReferences>
        <reference type="website">
          <url>https://dot.net/</url>
        </reference>
      </externalReferences>
    </component>
    <component type="library">
      <name>System.Linq.Expressions</name>
      <version>4.3.0</version>
      <description>Provides classes, interfaces and enumerations that enable language-level code expressions to be represented as objects in the form of expression trees.

Commonly Used Types:
System.Linq.IQueryable&lt;T&gt;
System.Linq.IQueryable
System.Linq.Expressions.Expression&lt;TDelegate&gt;
System.Linq.Expressions.Expression
System.Linq.Expressions.ExpressionVisitor
 
When using NuGet 3.x this package requires at least version 3.4.</description>
      <licenses>
        <license>
          <url>http://go.microsoft.com/fwlink/?LinkId=329770</url>
        </license>
      </licenses>
      <copyright>© Microsoft Corporation.  All rights reserved.</copyright>
      <purl>pkg:nuget/System.Linq.Expressions@4.3.0</purl>
      <externalReferences>
        <reference type="website">
          <url>https://dot.net/</url>
        </reference>
      </externalReferences>
    </component>
    <component type="library">
      <name>System.ObjectModel</name>
      <version>4.3.0</version>
      <description>Provides types and interfaces that allow the creation of observable types that provide notifications to clients when changes are made to it.

Commonly Used Types:
System.ComponentModel.INotifyPropertyChanged
System.Collections.ObjectModel.ObservableCollection&lt;T&gt;
System.ComponentModel.PropertyChangedEventHandler
System.Windows.Input.ICommand
System.Collections.Specialized.INotifyCollectionChanged
System.Collections.Specialized.NotifyCollectionChangedEventArgs
System.Collections.Specialized.NotifyCollectionChangedEventHandler
System.Collections.ObjectModel.KeyedCollection&lt;TKey, TItem&gt;
System.ComponentModel.PropertyChangedEventArgs
System.Collections.ObjectModel.ReadOnlyDictionary&lt;TKey, TValue&gt;
 
When using NuGet 3.x this package requires at least version 3.4.</description>
      <licenses>
        <license>
          <url>http://go.microsoft.com/fwlink/?LinkId=329770</url>
        </license>
      </licenses>
      <copyright>© Microsoft Corporation.  All rights reserved.</copyright>
      <purl>pkg:nuget/System.ObjectModel@4.3.0</purl>
      <externalReferences>
        <reference type="website">
          <url>https://dot.net/</url>
        </reference>
      </externalReferences>
    </component>
    <component type="library">
      <name>System.Reflection</name>
      <version>4.3.0</version>
      <description>Provides types that retrieve information about assemblies, modules, members, parameters, and other entities in managed code by examining their metadata. These types also can be used to manipulate instances of loaded types, for example to hook up events or to invoke methods.

Commonly Used Types:
System.Reflection.MethodInfo
System.Reflection.PropertyInfo
System.Reflection.ParameterInfo
System.Reflection.FieldInfo
System.Reflection.ConstructorInfo
System.Reflection.Assembly
System.Reflection.MemberInfo
System.Reflection.EventInfo
System.Reflection.Module
 
When using NuGet 3.x this package requires at least version 3.4.</description>
      <licenses>
        <license>
          <url>http://go.microsoft.com/fwlink/?LinkId=329770</url>
        </license>
      </licenses>
      <copyright>© Microsoft Corporation.  All rights reserved.</copyright>
      <purl>pkg:nuget/System.Reflection@4.3.0</purl>
      <externalReferences>
        <reference type="website">
          <url>https://dot.net/</url>
        </reference>
      </externalReferences>
    </component>
    <component type="library">
      <name>System.Reflection.Emit</name>
      <version>4.3.0</version>
      <description>Provides classes that allow a compiler or tool to emit metadata and optionally generate a PE file on disk. The primary clients of these classes are script engines and compilers.

Commonly Used Types:
System.Reflection.Emit.AssemblyBuilder
System.Reflection.Emit.FieldBuilder
System.Reflection.Emit.TypeBuilder
System.Reflection.Emit.MethodBuilder
System.Reflection.Emit.ConstructorBuilder
System.Reflection.Emit.GenericTypeParameterBuilder
System.Reflection.Emit.ModuleBuilder
System.Reflection.Emit.PropertyBuilder
System.Reflection.Emit.AssemblyBuilderAccess
System.Reflection.Emit.EventBuilder
 
When using NuGet 3.x this package requires at least version 3.4.</description>
      <licenses>
        <license>
          <url>http://go.microsoft.com/fwlink/?LinkId=329770</url>
        </license>
      </licenses>
      <copyright>© Microsoft Corporation.  All rights reserved.</copyright>
      <purl>pkg:nuget/System.Reflection.Emit@4.3.0</purl>
      <externalReferences>
        <reference type="website">
          <url>https://dot.net/</url>
        </reference>
      </externalReferences>
    </component>
    <component type="library">
      <name>System.Reflection.Emit.ILGeneration</name>
      <version>4.3.0</version>
      <description>Provides classes that allow a compiler or tool to emit Microsoft intermediate language (MSIL). The primary clients of these classes are script engines and compilers.

Commonly Used Types:
System.Reflection.Emit.ILGenerator
System.Reflection.Emit.Label
System.Reflection.Emit.CustomAttributeBuilder
System.Reflection.Emit.LocalBuilder
System.Reflection.Emit.ParameterBuilder
System.Reflection.Emit.SignatureHelper
 
When using NuGet 3.x this package requires at least version 3.4.</description>
      <licenses>
        <license>
          <url>http://go.microsoft.com/fwlink/?LinkId=329770</url>
        </license>
      </licenses>
      <copyright>© Microsoft Corporation.  All rights reserved.</copyright>
      <purl>pkg:nuget/System.Reflection.Emit.ILGeneration@4.3.0</purl>
      <externalReferences>
        <reference type="website">
          <url>https://dot.net/</url>
        </reference>
      </externalReferences>
    </component>
    <component type="library">
      <name>System.Reflection.Emit.Lightweight</name>
      <version>4.3.0</version>
      <description>Provides the System.Reflection.Emit.DynamicMethod class, which represents a dynamic method that can be compiled, executed, and discarded. Discarded methods are available for garbage collection.

Commonly Used Types:
System.Reflection.Emit.DynamicMethod
 
When using NuGet 3.x this package requires at least version 3.4.</description>
      <licenses>
        <license>
          <url>http://go.microsoft.com/fwlink/?LinkId=329770</url>
        </license>
      </licenses>
      <copyright>© Microsoft Corporation.  All rights reserved.</copyright>
      <purl>pkg:nuget/System.Reflection.Emit.Lightweight@4.3.0</purl>
      <externalReferences>
        <reference type="website">
          <url>https://dot.net/</url>
        </reference>
      </externalReferences>
    </component>
    <component type="library">
      <name>System.Reflection.Extensions</name>
      <version>4.3.0</version>
      <description>Provides custom attribute extension methods for System.Reflection types.

Commonly Used Types:
System.Reflection.InterfaceMapping
System.Reflection.CustomAttributeExtensions
System.Reflection.RuntimeReflectionExtensions
 
When using NuGet 3.x this package requires at least version 3.4.</description>
      <licenses>
        <license>
          <url>http://go.microsoft.com/fwlink/?LinkId=329770</url>
        </license>
      </licenses>
      <copyright>© Microsoft Corporation.  All rights reserved.</copyright>
      <purl>pkg:nuget/System.Reflection.Extensions@4.3.0</purl>
      <externalReferences>
        <reference type="website">
          <url>https://dot.net/</url>
        </reference>
      </externalReferences>
    </component>
    <component type="library">
      <name>System.Reflection.Primitives</name>
      <version>4.3.0</version>
      <description>Provides common enumerations for reflection-based libraries.

Commonly Used Types:
System.Reflection.FieldAttributes
System.Reflection.Emit.OpCode
System.Reflection.TypeAttributes
System.Reflection.MethodAttributes
System.Reflection.CallingConventions
System.Reflection.PropertyAttributes
System.Reflection.EventAttributes
System.Reflection.ParameterAttributes
System.Reflection.GenericParameterAttributes
System.Reflection.MethodImplAttributes
 
When using NuGet 3.x this package requires at least version 3.4.</description>
      <licenses>
        <license>
          <url>http://go.microsoft.com/fwlink/?LinkId=329770</url>
        </license>
      </licenses>
      <copyright>© Microsoft Corporation.  All rights reserved.</copyright>
      <purl>pkg:nuget/System.Reflection.Primitives@4.3.0</purl>
      <externalReferences>
        <reference type="website">
          <url>https://dot.net/</url>
        </reference>
      </externalReferences>
    </component>
    <component type="library">
      <name>System.Reflection.TypeExtensions</name>
      <version>4.3.0</version>
      <description>Provides extensions methods for System.Type that are designed to be source-compatible with older framework reflection-based APIs.

Commonly Used Types:
System.Reflection.TypeExtensions
System.Reflection.BindingFlags
 
When using NuGet 3.x this package requires at least version 3.4.</description>
      <licenses>
        <license>
          <url>http://go.microsoft.com/fwlink/?LinkId=329770</url>
        </license>
      </licenses>
      <copyright>© Microsoft Corporation.  All rights reserved.</copyright>
      <purl>pkg:nuget/System.Reflection.TypeExtensions@4.3.0</purl>
      <externalReferences>
        <reference type="website">
          <url>https://dot.net/</url>
        </reference>
      </externalReferences>
    </component>
    <component type="library">
      <name>System.Resources.ResourceManager</name>
      <version>4.3.0</version>
      <description>Provides classes and attributes that allow developers to create, store, and manage various culture-specific resources used in an application.

Commonly Used Types:
System.Resources.ResourceManager
System.Resources.NeutralResourcesLanguageAttribute
System.Resources.SatelliteContractVersionAttribute
System.Resources.MissingManifestResourceException
 
When using NuGet 3.x this package requires at least version 3.4.</description>
      <licenses>
        <license>
          <url>http://go.microsoft.com/fwlink/?LinkId=329770</url>
        </license>
      </licenses>
      <copyright>© Microsoft Corporation.  All rights reserved.</copyright>
      <purl>pkg:nuget/System.Resources.ResourceManager@4.3.0</purl>
      <externalReferences>
        <reference type="website">
          <url>https://dot.net/</url>
        </reference>
      </externalReferences>
    </component>
    <component type="library">
      <name>System.Runtime</name>
      <version>4.3.0</version>
      <description>Provides the fundamental primitives, classes and base classes that define commonly-used value and reference data types, events and event handlers, interfaces, attributes, and exceptions. This packages represents the core package, and provides the minimal set of types required to build a managed application.

Commonly Used Types:
System.Object
System.Exception
System.Int16
System.Int32
System.Int64
System.Enum
System.String
System.Char
System.Boolean
System.SByte
System.Byte
System.DateTime
System.DateTimeOffset
System.Single
System.Double
System.UInt16
System.UInt32
System.UInt64
System.IDisposable
System.Uri
 
When using NuGet 3.x this package requires at least version 3.4.</description>
      <licenses>
        <license>
          <url>http://go.microsoft.com/fwlink/?LinkId=329770</url>
        </license>
      </licenses>
      <copyright>© Microsoft Corporation.  All rights reserved.</copyright>
      <purl>pkg:nuget/System.Runtime@4.3.0</purl>
      <externalReferences>
        <reference type="website">
          <url>https://dot.net/</url>
        </reference>
      </externalReferences>
    </component>
    <component type="library">
      <name>System.Runtime.CompilerServices.Unsafe</name>
      <version>4.7.1</version>
      <description>Provides the System.Runtime.CompilerServices.Unsafe class, which provides generic, low-level functionality for manipulating pointers.

Commonly Used Types:
System.Runtime.CompilerServices.Unsafe
 
When using NuGet 3.x this package requires at least version 3.4.</description>
      <licenses>
        <license>
          <id>MIT</id>
        </license>
      </licenses>
      <copyright>© Microsoft Corporation. All rights reserved.</copyright>
      <purl>pkg:nuget/System.Runtime.CompilerServices.Unsafe@4.7.1</purl>
      <externalReferences>
        <reference type="website">
          <url>https://github.com/dotnet/corefx</url>
        </reference>
      </externalReferences>
    </component>
    <component type="library">
      <name>System.Runtime.Extensions</name>
      <version>4.3.0</version>
      <description>Provides commonly-used classes for performing mathematical functions, conversions, string comparisons and querying environment information.

Commonly Used Types:
System.Math
System.Environment
System.Random
System.Progress&lt;T&gt;
System.Convert
System.Diagnostics.Stopwatch
System.Runtime.Versioning.FrameworkName
System.StringComparer
System.IO.Path
 
When using NuGet 3.x this package requires at least version 3.4.</description>
      <licenses>
        <license>
          <url>http://go.microsoft.com/fwlink/?LinkId=329770</url>
        </license>
      </licenses>
      <copyright>© Microsoft Corporation.  All rights reserved.</copyright>
      <purl>pkg:nuget/System.Runtime.Extensions@4.3.0</purl>
      <externalReferences>
        <reference type="website">
          <url>https://dot.net/</url>
        </reference>
      </externalReferences>
    </component>
    <component type="library">
      <name>System.Runtime.Handles</name>
      <version>4.3.0</version>
      <description>Provides base classes, including System.Runtime.InteropServices.CriticalHandle and System.Runtime.InteropServices.SafeHandle, for types that represent operating system handles.

Commonly Used Types:
System.Runtime.InteropServices.SafeHandle
Microsoft.Win32.SafeHandles.SafeWaitHandle
System.Runtime.InteropServices.CriticalHandle
System.Threading.WaitHandleExtensions
System.IO.HandleInheritability
 
When using NuGet 3.x this package requires at least version 3.4.</description>
      <licenses>
        <license>
          <url>http://go.microsoft.com/fwlink/?LinkId=329770</url>
        </license>
      </licenses>
      <copyright>© Microsoft Corporation.  All rights reserved.</copyright>
      <purl>pkg:nuget/System.Runtime.Handles@4.3.0</purl>
      <externalReferences>
        <reference type="website">
          <url>https://dot.net/</url>
        </reference>
      </externalReferences>
    </component>
    <component type="library">
      <name>System.Runtime.InteropServices</name>
      <version>4.3.0</version>
      <description>Provides types that support COM interop and platform invoke services.

Commonly Used Types:
System.Runtime.InteropServices.GCHandle
System.Runtime.InteropServices.GuidAttribute
System.Runtime.InteropServices.COMException
System.DllNotFoundException
System.Runtime.InteropServices.DllImportAttribute
 
When using NuGet 3.x this package requires at least version 3.4.</description>
      <licenses>
        <license>
          <url>http://go.microsoft.com/fwlink/?LinkId=329770</url>
        </license>
      </licenses>
      <copyright>© Microsoft Corporation.  All rights reserved.</copyright>
      <purl>pkg:nuget/System.Runtime.InteropServices@4.3.0</purl>
      <externalReferences>
        <reference type="website">
          <url>https://dot.net/</url>
        </reference>
      </externalReferences>
    </component>
    <component type="library">
      <name>System.Runtime.Serialization.Primitives</name>
      <version>4.1.1</version>
      <description>Provides common types, including System.Runtime.Serialization.DataContractAttribute, for libraries that support data contract serialization.

Commonly Used Types:
System.Runtime.Serialization.StreamingContext
System.Runtime.Serialization.OnDeserializingAttribute
System.Runtime.Serialization.OnDeserializedAttribute
System.Runtime.Serialization.OnSerializingAttribute
System.Runtime.Serialization.OnSerializedAttribute
System.Runtime.Serialization.EnumMemberAttribute
System.Runtime.Serialization.DataMemberAttribute
System.Runtime.Serialization.DataContractAttribute
System.Runtime.Serialization.IgnoreDataMemberAttribute
System.Runtime.Serialization.SerializationException
 
When using NuGet 3.x this package requires at least version 3.4.</description>
      <licenses>
        <license>
          <url>http://go.microsoft.com/fwlink/?LinkId=329770</url>
        </license>
      </licenses>
      <copyright>© Microsoft Corporation.  All rights reserved.</copyright>
      <purl>pkg:nuget/System.Runtime.Serialization.Primitives@4.1.1</purl>
      <externalReferences>
        <reference type="website">
          <url>https://dot.net/</url>
        </reference>
      </externalReferences>
    </component>
    <component type="library">
      <name>System.Security.AccessControl</name>
      <version>4.7.0</version>
      <description>Provides base classes that enable managing access and audit control lists on securable objects.

Commonly Used Types:
System.Security.AccessControl.AccessRule
System.Security.AccessControl.AuditRule
System.Security.AccessControl.ObjectAccessRule
System.Security.AccessControl.ObjectAuditRule
System.Security.AccessControl.ObjectSecurity
 
When using NuGet 3.x this package requires at least version 3.4.</description>
      <licenses>
        <license>
          <id>MIT</id>
        </license>
      </licenses>
      <copyright>© Microsoft Corporation. All rights reserved.</copyright>
      <purl>pkg:nuget/System.Security.AccessControl@4.7.0</purl>
      <externalReferences>
        <reference type="website">
          <url>https://github.com/dotnet/corefx</url>
        </reference>
      </externalReferences>
    </component>
    <component type="library">
      <name>System.Security.Cryptography.Primitives</name>
      <version>4.3.0</version>
      <description>Provides common types for the cryptographic libraries.

Commonly Used Types:
System.Security.Cryptography.ICryptoTransform
System.Security.Cryptography.AsymmetricAlgorithm
System.Security.Cryptography.SymmetricAlgorithm
System.Security.Cryptography.HashAlgorithm
System.Security.Cryptography.KeyedHashAlgorithm
System.Security.Cryptography.HMAC
System.Security.Cryptography.KeySizes
System.Security.Cryptography.CryptographicException
System.Security.Cryptography.CipherMode
System.Security.Cryptography.PaddingMode
System.Security.Cryptography.CryptoStream
System.Security.Cryptography.CryptoStreamMode
 
When using NuGet 3.x this package requires at least version 3.4.</description>
      <licenses>
        <license>
          <url>http://go.microsoft.com/fwlink/?LinkId=329770</url>
        </license>
      </licenses>
      <copyright>© Microsoft Corporation.  All rights reserved.</copyright>
      <purl>pkg:nuget/System.Security.Cryptography.Primitives@4.3.0</purl>
      <externalReferences>
        <reference type="website">
          <url>https://dot.net/</url>
        </reference>
      </externalReferences>
    </component>
    <component type="library">
      <name>System.Security.Cryptography.ProtectedData</name>
      <version>4.3.0</version>
      <description>Provides access to Windows Data Protection Api.

Commonly Used Types:
System.Security.Cryptography.DataProtectionScope
System.Security.Cryptography.ProtectedData
 
When using NuGet 3.x this package requires at least version 3.4.</description>
      <licenses>
        <license>
          <url>http://go.microsoft.com/fwlink/?LinkId=329770</url>
        </license>
      </licenses>
      <copyright>© Microsoft Corporation.  All rights reserved.</copyright>
      <purl>pkg:nuget/System.Security.Cryptography.ProtectedData@4.3.0</purl>
      <externalReferences>
        <reference type="website">
          <url>https://dot.net/</url>
        </reference>
      </externalReferences>
    </component>
    <component type="library">
      <name>System.Security.Principal.Windows</name>
      <version>4.7.0</version>
      <description>Provides classes for retrieving the current Windows user and for interacting with Windows users and groups.

Commonly Used Types:
System.Security.Principal.WindowsIdentity
System.Security.Principal.SecurityIdentifier
System.Security.Principal.NTAccount
System.Security.Principal.WindowsPrincipal
System.Security.Principal.IdentityReference
System.Security.Principal.IdentityNotMappedException
System.Security.Principal.WindowsBuiltInRole
System.Security.Principal.WellKnownSidType
 
When using NuGet 3.x this package requires at least version 3.4.</description>
      <licenses>
        <license>
          <id>MIT</id>
        </license>
      </licenses>
      <copyright>© Microsoft Corporation. All rights reserved.</copyright>
      <purl>pkg:nuget/System.Security.Principal.Windows@4.7.0</purl>
      <externalReferences>
        <reference type="website">
          <url>https://github.com/dotnet/corefx</url>
        </reference>
      </externalReferences>
    </component>
    <component type="library">
      <name>System.Text.Encoding</name>
      <version>4.3.0</version>
      <description>Provides base abstract encoding classes for converting blocks of characters to and from blocks of bytes.

Commonly Used Types:
System.Text.Encoding
System.Text.DecoderFallbackException
System.Text.Decoder
System.Text.EncoderFallbackException
System.Text.Encoder
System.Text.EncoderFallback
System.Text.EncoderFallbackBuffer
System.Text.DecoderFallback
System.Text.DecoderFallbackBuffer
System.Text.DecoderExceptionFallback
 
When using NuGet 3.x this package requires at least version 3.4.</description>
      <licenses>
        <license>
          <url>http://go.microsoft.com/fwlink/?LinkId=329770</url>
        </license>
      </licenses>
      <copyright>© Microsoft Corporation.  All rights reserved.</copyright>
      <purl>pkg:nuget/System.Text.Encoding@4.3.0</purl>
      <externalReferences>
        <reference type="website">
          <url>https://dot.net/</url>
        </reference>
      </externalReferences>
    </component>
    <component type="library">
      <name>System.Text.Encoding.Extensions</name>
      <version>4.3.0</version>
      <description>Provides support for specific encodings, including ASCII, UTF-7, UTF-8, UTF-16, and UTF-32.

Commonly Used Types:
System.Text.UTF8Encoding
System.Text.UnicodeEncoding
System.Text.ASCIIEncoding
System.Text.UTF7Encoding
System.Text.UTF32Encoding
 
When using NuGet 3.x this package requires at least version 3.4.</description>
      <licenses>
        <license>
          <url>http://go.microsoft.com/fwlink/?LinkId=329770</url>
        </license>
      </licenses>
      <copyright>© Microsoft Corporation.  All rights reserved.</copyright>
      <purl>pkg:nuget/System.Text.Encoding.Extensions@4.3.0</purl>
      <externalReferences>
        <reference type="website">
          <url>https://dot.net/</url>
        </reference>
      </externalReferences>
    </component>
    <component type="library">
      <name>System.Text.Encodings.Web</name>
      <version>4.7.1</version>
      <description>Provides types for encoding and escaping strings for use in JavaScript, HyperText Markup Language (HTML), and uniform resource locators (URL).

Commonly Used Types:
System.Text.Encodings.Web.HtmlEncoder
System.Text.Encodings.Web.UrlEncoder
System.Text.Encodings.Web.JavaScriptEncoder
 
When using NuGet 3.x this package requires at least version 3.4.</description>
      <licenses>
        <license>
          <id>MIT</id>
        </license>
      </licenses>
      <copyright>© Microsoft Corporation. All rights reserved.</copyright>
      <purl>pkg:nuget/System.Text.Encodings.Web@4.7.1</purl>
      <externalReferences>
        <reference type="website">
          <url>https://github.com/dotnet/corefx</url>
        </reference>
      </externalReferences>
    </component>
    <component type="library">
      <name>System.Text.Json</name>
      <version>4.7.2</version>
      <description>Provides high-performance and low-allocating types that serialize objects to JavaScript Object Notation (JSON) text and deserialize JSON text to objects, with UTF-8 support built-in. Also provides types to read and write JSON text encoded as UTF-8, and to create an in-memory document object model (DOM), that is read-only, for random access of the JSON elements within a structured view of the data.

Commonly Used Types:
System.Text.Json.JsonSerializer
System.Text.Json.JsonDocument
System.Text.Json.JsonElement
System.Text.Json.Utf8JsonWriter
System.Text.Json.Utf8JsonReader
 
When using NuGet 3.x this package requires at least version 3.4.</description>
      <licenses>
        <license>
          <id>MIT</id>
        </license>
      </licenses>
      <copyright>© Microsoft Corporation. All rights reserved.</copyright>
      <purl>pkg:nuget/System.Text.Json@4.7.2</purl>
      <externalReferences>
        <reference type="website">
          <url>https://github.com/dotnet/corefx</url>
        </reference>
      </externalReferences>
    </component>
    <component type="library">
      <name>System.Text.RegularExpressions</name>
      <version>4.1.0</version>
      <description>Provides the System.Text.RegularExpressions.Regex class, an implementation of a regular expression engine.

Commonly Used Types:
System.Text.RegularExpressions.Regex
System.Text.RegularExpressions.RegexOptions
System.Text.RegularExpressions.Match
System.Text.RegularExpressions.Group
System.Text.RegularExpressions.Capture
System.Text.RegularExpressions.MatchEvaluator
 
When using NuGet 3.x this package requires at least version 3.4.</description>
      <licenses>
        <license>
          <url>http://go.microsoft.com/fwlink/?LinkId=329770</url>
        </license>
      </licenses>
      <copyright>© Microsoft Corporation.  All rights reserved.</copyright>
      <purl>pkg:nuget/System.Text.RegularExpressions@4.1.0</purl>
      <externalReferences>
        <reference type="website">
          <url>https://dot.net/</url>
        </reference>
      </externalReferences>
    </component>
    <component type="library">
      <name>System.Threading</name>
      <version>4.3.0</version>
      <description>Provides the fundamental synchronization primitives, including System.Threading.Monitor and System.Threading.Mutex, that are required when writing asynchronous code.

Commonly Used Types:
System.Threading.Monitor
System.Threading.SynchronizationContext
System.Threading.ManualResetEvent
System.Threading.AutoResetEvent
System.Threading.ThreadLocal&lt;T&gt;
System.Threading.EventWaitHandle
System.Threading.SemaphoreSlim
System.Threading.Mutex
 
When using NuGet 3.x this package requires at least version 3.4.</description>
      <licenses>
        <license>
          <url>http://go.microsoft.com/fwlink/?LinkId=329770</url>
        </license>
      </licenses>
      <copyright>© Microsoft Corporation.  All rights reserved.</copyright>
      <purl>pkg:nuget/System.Threading@4.3.0</purl>
      <externalReferences>
        <reference type="website">
          <url>https://dot.net/</url>
        </reference>
      </externalReferences>
    </component>
    <component type="library">
      <name>System.Threading.Tasks</name>
      <version>4.3.0</version>
      <description>Provides types that simplify the work of writing concurrent and asynchronous code.

Commonly Used Types:
System.Threading.Tasks.Task&lt;TResult&gt;
System.Runtime.CompilerServices.TaskAwaiter&lt;TResult&gt;
System.Threading.Tasks.TaskCompletionSource&lt;TResult&gt;
System.Threading.Tasks.Task
System.OperationCanceledException
System.AggregateException
 
When using NuGet 3.x this package requires at least version 3.4.</description>
      <licenses>
        <license>
          <url>http://go.microsoft.com/fwlink/?LinkId=329770</url>
        </license>
      </licenses>
      <copyright>© Microsoft Corporation.  All rights reserved.</copyright>
      <purl>pkg:nuget/System.Threading.Tasks@4.3.0</purl>
      <externalReferences>
        <reference type="website">
          <url>https://dot.net/</url>
        </reference>
      </externalReferences>
    </component>
    <component type="library">
      <name>System.Threading.Tasks.Extensions</name>
      <version>4.0.0</version>
      <description>Provides additional types that simplify the work of writing concurrent and asynchronous code.

Commonly Used Types:
System.Threading.Tasks.ValueTask&lt;TResult&gt;</description>
      <licenses>
        <license>
          <url>http://go.microsoft.com/fwlink/?LinkId=329770</url>
        </license>
      </licenses>
      <copyright>© Microsoft Corporation.  All rights reserved.</copyright>
      <purl>pkg:nuget/System.Threading.Tasks.Extensions@4.0.0</purl>
      <externalReferences>
        <reference type="website">
          <url>https://dot.net/</url>
        </reference>
      </externalReferences>
    </component>
    <component type="library">
      <name>System.Threading.Thread</name>
      <version>4.3.0</version>
      <description>Provides the System.Threading.Thread class, which allows developers to create and control a thread, set its priority, and get its state.

Commonly Used Types:
System.Threading.Thread
System.Threading.ThreadStart
System.Threading.ParameterizedThreadStart
 
When using NuGet 3.x this package requires at least version 3.4.</description>
      <licenses>
        <license>
          <url>http://go.microsoft.com/fwlink/?LinkId=329770</url>
        </license>
      </licenses>
      <copyright>© Microsoft Corporation.  All rights reserved.</copyright>
      <purl>pkg:nuget/System.Threading.Thread@4.3.0</purl>
      <externalReferences>
        <reference type="website">
          <url>https://dot.net/</url>
        </reference>
      </externalReferences>
    </component>
    <component type="library">
      <name>System.Threading.ThreadPool</name>
      <version>4.3.0</version>
      <description>Provides the System.Threading.ThreadPool class, which contains a pool of threads that can be used to execute tasks, post work items, wait on behalf of other threads, and process timers.

Commonly Used Types:
System.Threading.ThreadPool
System.Threading.WaitOrTimerCallback
 
When using NuGet 3.x this package requires at least version 3.4.</description>
      <licenses>
        <license>
          <url>http://go.microsoft.com/fwlink/?LinkId=329770</url>
        </license>
      </licenses>
      <copyright>© Microsoft Corporation.  All rights reserved.</copyright>
      <purl>pkg:nuget/System.Threading.ThreadPool@4.3.0</purl>
      <externalReferences>
        <reference type="website">
          <url>https://dot.net/</url>
        </reference>
      </externalReferences>
    </component>
    <component type="library">
      <name>System.Xml.ReaderWriter</name>
      <version>4.0.11</version>
      <description>Provides provides a fast, non-cached, forward-only way to read and write Extensible Markup Language (XML) data.

Commonly Used Types:
System.Xml.XmlNodeType
System.Xml.XmlException
System.Xml.XmlReader
System.Xml.XmlWriter
System.Xml.IXmlLineInfo
System.Xml.XmlNameTable
System.Xml.IXmlNamespaceResolver
System.Xml.XmlNamespaceManager
System.Xml.XmlQualifiedName
 
When using NuGet 3.x this package requires at least version 3.4.</description>
      <licenses>
        <license>
          <url>http://go.microsoft.com/fwlink/?LinkId=329770</url>
        </license>
      </licenses>
      <copyright>© Microsoft Corporation.  All rights reserved.</copyright>
      <purl>pkg:nuget/System.Xml.ReaderWriter@4.0.11</purl>
      <externalReferences>
        <reference type="website">
          <url>https://dot.net/</url>
        </reference>
      </externalReferences>
    </component>
    <component type="library">
      <name>System.Xml.XDocument</name>
      <version>4.0.11</version>
      <description>Provides the classes for Language-Integrated Query (LINQ) to Extensible Markup Language (XML). LINQ to XML is an in-memory XML programming interface that enables you to modify XML documents efficiently and easily.

Commonly Used Types:
System.Xml.Linq.XElement
System.Xml.Linq.XAttribute
System.Xml.Linq.XDocument
System.Xml.Linq.XText
System.Xml.Linq.XNode
System.Xml.Linq.XContainer
System.Xml.Linq.XComment
System.Xml.Linq.XObject
System.Xml.Linq.XProcessingInstruction
System.Xml.Linq.XDocumentType
 
When using NuGet 3.x this package requires at least version 3.4.</description>
      <licenses>
        <license>
          <url>http://go.microsoft.com/fwlink/?LinkId=329770</url>
        </license>
      </licenses>
      <copyright>© Microsoft Corporation.  All rights reserved.</copyright>
      <purl>pkg:nuget/System.Xml.XDocument@4.0.11</purl>
      <externalReferences>
        <reference type="website">
          <url>https://dot.net/</url>
        </reference>
      </externalReferences>
    </component>
  </components>
</bom>
