﻿<?xml version="1.0" encoding="utf-8"?>
<bom xmlns:xsi="http://www.w3.org/2001/XMLSchema-instance" xmlns:xsd="http://www.w3.org/2001/XMLSchema" version="1" xmlns="http://cyclonedx.org/schema/bom/1.5">
  <components>
    <component type="application">
      <author>Acme Super Heros</author>
      <name>Acme Application</name>
      <version>9.1.1</version>
      <swid tagId="swidgen-242eb18a-503e-ca37-393b-cf156ef09691_9.1.1" name="Acme Application" version="9.1.1" tagVersion="0" patch="false">
        <text></text>
      </swid>
    </component>
  </components>
</bom>
