﻿<?xml version="1.0" encoding="utf-8"?>
<bom xmlns:xsi="http://www.w3.org/2001/XMLSchema-instance" xmlns:xsd="http://www.w3.org/2001/XMLSchema" version="1" xmlns="http://cyclonedx.org/schema/bom/1.5">
  <components>
    <component type="application">
      <name>application-a</name>
      <version>1.0</version>
    </component>
    <component type="library">
      <name>library-a</name>
      <version>1.0</version>
    </component>
    <component type="framework">
      <name>framework-a</name>
      <version>1.0</version>
    </component>
    <component type="container">
      <name>container-a</name>
      <version>1.0</version>
    </component>
    <component type="operating-system">
      <name>operating-system-a</name>
      <version>1.0</version>
    </component>
    <component type="firmware">
      <name>firmware-a</name>
      <version>1.0</version>
    </component>
    <component type="device">
      <name>device-a</name>
      <version>1.0</version>
    </component>
    <component type="file">
      <name>file-a</name>
      <version>1.0</version>
    </component>
  </components>
</bom>
