Type,MimeType,Supplier,Author,Publisher,Group,Name,Version,Scope,LicenseExpressions,LicenseNames,Copyright,Cpe,Purl,Modified,SwidTagId,SwidName,SwidVersion,SwidTagVersion,SwidPatch,SwidTextContentType,SwidTextEncoding,SwidTextContent,SwidUrl,MD5,SHA-1,SHA-256,SHA-384,SHA-512,SHA3-256,SHA3-384,SHA3-512,BLAKE2b-256,BLAKE2b-384,BLAKE2b-512,BLAKE3,Description
Application,,,Acme Super Heros,,,Acme Application,9.1.1,,,,,,,,swidgen-242eb18a-503e-ca37-393b-cf156ef09691_9.1.1,Acme Application,9.1.1,0,False,text/xml,base64,PD94bWwgdmVyc2lvbj0iMS4wIiBlbmNvZGluZz0idXRmLTgiID8+CjxTb2Z0d2FyZUlkZW50aXR5IHhtbDpsYW5nPSJFTiIgbmFtZT0iQWNtZSBBcHBsaWNhdGlvbiIgdmVyc2lvbj0iOS4xLjEiIAogdmVyc2lvblNjaGVtZT0ibXVsdGlwYXJ0bnVtZXJpYyIgCiB0YWdJZD0ic3dpZGdlbi1iNTk1MWFjOS00MmMwLWYzODItM2YxZS1iYzdhMmE0NDk3Y2JfOS4xLjEiIAogeG1sbnM9Imh0dHA6Ly9zdGFuZGFyZHMuaXNvLm9yZy9pc28vMTk3NzAvLTIvMjAxNS9zY2hlbWEueHNkIj4gCiB4bWxuczp4c2k9Imh0dHA6Ly93d3cudzMub3JnLzIwMDEvWE1MU2NoZW1hLWluc3RhbmNlIiAKIHhzaTpzY2hlbWFMb2NhdGlvbj0iaHR0cDovL3N0YW5kYXJkcy5pc28ub3JnL2lzby8xOTc3MC8tMi8yMDE1LWN1cnJlbnQvc2NoZW1hLnhzZCBzY2hlbWEueHNkIiA+CiAgPE1ldGEgZ2VuZXJhdG9yPSJTV0lEIFRhZyBPbmxpbmUgR2VuZXJhdG9yIHYwLjEiIC8+IAogIDxFbnRpdHkgbmFtZT0iQWNtZSwgSW5jLiIgcmVnaWQ9ImV4YW1wbGUuY29tIiByb2xlPSJ0YWdDcmVhdG9yIiAvPiAKPC9Tb2Z0d2FyZUlkZW50aXR5Pg==,,,,,,,,,,,,,,
