{
  "bomFormat": "CycloneDX",
  "specVersion": "1.5",  "version": 1,
  "metadata": {
    "tools": null,
    "component": {
      "type": "application",
      "bom-ref": "Thing@1",
      "name": "Thing",
      "version": "1"
    }
  },
  "components": [
    {
      "type": "application",
      "bom-ref": "thing1@1",
      "name": "thing1",
      "version": "1",
      "components": [
        {
          "type": "library",
          "name": "acme-library",
          "version": "1.0.0"
        }
      ]
    },
    {
      "type": "application",
      "bom-ref": "thing2@1",
      "name": "thing2",
      "version": "1",
      "components": [
        {
          "type": "framework",
          "name": "acme-framework",
          "version": "1.0.0"
        }
      ]
    }
  ],
  "dependencies": [
    {
      "ref": "Thing@1",
      "dependsOn": [
        "thing1@1",
        "thing2@1"
      ]
    }
  ]
}
